[elcomercio.pe/index9e56.html]
[backblue.gif]
[fade.gif]
[index.html]
[cdna.elcomercio.pe/resources/dist/elcomercio/images/favicon2d2b.png]
[cdna.elcomercio.pe/resources/dist/elcomercio/images/apple-touch-icon2d2b.png]
[cdna.elcomercio.pe/resources/dist/elcomercio/images/apple-touch-icon-76x762d2b.png]
[cdna.elcomercio.pe/resources/dist/elcomercio/images/apple-touch-icon-120x1202d2b.png]
[cdna.elcomercio.pe/resources/dist/elcomercio/images/apple-touch-icon-144x1442d2b.png]
[cdna.elcomercio.pe/resources/dist/elcomercio/images/apple-touch-icon-152x1522d2b.png]
[cdna.elcomercio.pe/resources/dist/elcomercio/images/apple-touch-icon-180x1802d2b.png]
[www.npttech.com/advertising.js]
[elcomercio.pe/index.html]
[d1r08wok4169a5.cloudfront.net/ads/ec/arcads6ebf.js]
[elcomercio.pe/cc/digital/index.html]
[elcomercio.pe/arcio/rss/index.html]
[elcomercio.pe/winback/index.html]
[static.chartbeat.com/js/chartbeat.js]
[elcomercio.pe/extranjeros/index.html]
[elcomercio.pe/universitarios/index.html]
[elcomercio.pe/colaboradores/index.html]
[static.chartbeat.com/js/chartbeat_mab.js]
[elcomercio.pe/corporativos/index.html]
[elcomercio.pe/pf/resources/assets/js/emblue-sdk-workerb647.js]
[cdn.embluemail.com/pixeltracking/pixeltracking145d.js]
[elcomercio.pe/pf/resources/assets/js/sdk.v3.minb647.js]
[elcomercio.pe/ak.m]
[elcomercio.pe/ak.t]
[elcomercio.pe/politica/anibal-torres-congresistas-demandan-la-salida-del-jefe-de-gabinete-tras-ataque-misogino-a-sol-carreno-pedro-castillo-noticia/index.html]
[elcomercio.pe/politica/justicia/nuevo-reves-para-pedro-castillo-pj-rechaza-recu/index.html]
[elcomercio.pe/deporte-total/seleccion/chile-tras-finalizar-audiencia-en-el-tas-por-caso-byron-castillo-hicimos-todo-mundial-qatar-2022-seleccion-ecuador-seleccion-chilena-rmmd-dtbn-noticia/index.html]
[cdna.elcomercio.pe/resources/dist/elcomercio/images/logo2d2b.png]
[elcomercio.pe/reviu.html]
[elcomercio.pe/economia/cade-ejecutivos-2022-en-vivo-hoy-sigue-el-foro-empresarial-en-directo-desde-paracas-agenda-del-dia-pedro-castillo-economia-peru-lbposting-noticia/index.html]
[elcomercio.pe/respuestas/como/revisar-bono-alimentario-2022-de-noviembre-hoy-/index.html]
[elcomercio.pe/mundo/eeuu/elecciones-estados-unidos-2022-en-vivo-usa-midt/index.html]
[elcomercio.pe/respuestas/quien/quien-cobra-nuevo-bono-alimentario-de-270-link-/index.html]
[elcomercio.pe/economia/dolar-sigue-retrocediendo-y-cierra-en-s391-su-nivel-mas-bajo-despues-de-un-mes-noticia/index.html]
[elcomercio.pe/deporte-total/futbol-peruano/alianza-lima-vs-melgar-en-vivo-en-arequipa-por-/index.html]
[elcomercio.pe/luces/vida-social/horoscopo-de-hoy-martes-8-de-noviembre-del-2022-que-dicen-las-predicciones-para-tu-signo-zodiacal-noticia/index.html]
[elcomercio.pe/respuestas/quien/link-ingreso-solidario-2022-de-noviembre-quien-cobra-cuanto-se-paga-y-fechas-del-dps-via-sisben-iv-tdex-revtli-noticia/index.html]
[elcomercio.pe/suscripciones/index8bd9.html]
[elcomercio.pe/economia/personal/index.html]
[elcomercio.pe/videos/entretenimiento/la-tinka-conoce-el-resultado-del-sorteo-para-el-02112022-sorteo-loteria-millonario-ganador-billete-nnav-amtv-video-noticia/index.html]
[elcomercio.pe/deporte-total/futbol-mundial/mundial-qatar-2022-en-vivo-minuto-a-minuto-ulti/index.html]
[elcomercio.pe/ultimas-noticias/index.html]
[cdna.elcomercio.pe/resources/dist/elcomercio/images/default-md87dd.png]
[elcomercio.pe/newsletters/index.html]
[elcomercio.pe/resizer/0wL4YE2z_3IrjqtVDeMLJyjz2tg=/arc-anglerfish-arc2-prod-elcomercio/public/QFQUQ4N5GVHW7GTVCUWPMH2PEU.jpg]
[elcomercio.pe/corresponsales-escolares/index.html]
[elcomercio.pe/elecciones/index.html]
[cdna.elcomercio.pe/resources/dist/elcomercio/images/default-md.png]
[elcomercio.pe/juegos/index.html]
[cloudfront-us-east-1.images.arcpublishing.com/elcomercio/2MUKBBFH45GVHBYYVKKQQJ2FPM.png]
[elcomercio.pe/el-comercio-tv/index.html]
[elcomercio.pe/podcast/index.html]
[elcomercio.pe/noticias/coronavirus/index.html]
[elcomercio.pe/opinion/index.html]
[elcomercio.pe/provecho/index.html]
[elcomercio.pe/saltar-intro/index.html]
[elcomercio.pe/pf/resources/assets/js/sdk.v3.min992d.js]
[elcomercio.pe/politica/index.html]
[cdna.elcomercio.pe/resources/assets/js/lazyload2d2b.js]
[elcomercio.pe/economia/index.html]
[elcomercio.pe/lima/index.html]
[elcomercio.pe/index9e56.html]
[elcomercio.pe/peru/index.html]
[elcomercio.pe/mundo/index.html]
[elcomercio.pe/deporte-total/index.html]
[d1r08wok4169a5.cloudfront.net/gpt-adtmp/gpt-adtmp6ebf.js]
[elcomercio.pe/tvmas/index.html]
[elcomercio.pe/tecnologia/index.html]
[elcomercio.pe/index.html]
[elcomercio.pe/cc/digital/index.html]
[elcomercio.pe/somos/index.html]
[elcomercio.pe/respuestas/index.html]
[elcomercio.pe/winback/index.html]
[elcomercio.pe/extranjeros/index.html]
[elcomercio.pe/viu/index.html]
[elcomercio.pe/universitarios/index.html]
[elcomercio.pe/casa-y-mas/index.html]
[elcomercio.pe/colaboradores/index.html]
[elcomercio.pe/vamos/index.html]
[elcomercio.pe/corporativos/index.html]
[elcomercio.pe/ruedas-tuercas/index.html]
[elcomercio.pe/luces/index.html]
[static.chartbeat.com/js/inpage.js]
[static.chartbeat.com/js/chartbeat.js]
[elcomercio.pe/noticias/horoscopo/index.html]
[elcomercio.pe/desde-la-redaccion/index.html]
[elcomercio.pe/archivo-elcomercio/index.html]
[elcomercio.pe/blogs/index.html]
[elcomercio.pe/eldominical/index.html]
[static.chartbeat.com/js/chartbeat_mab.js]
[elcomercio.pe/videos/index.html]
[www.googletagmanager.com/gtm5445.html]
[elcomercio.pe/tecnologia/e-sports/index.html]
[elcomercio.pe/ak.html]
[elcomercio.pe/terminos-y-condiciones/index.html]
[elcomercio.pe/ak-2.html]
[elcomercio.pe/publirreportaje/index.html]
[elcomercio.pe/wuf/index.html]
[elcomercio.pe/colecciones-el-comercio/index.html]
[elcomercio.pe/principios-rectores/index.html]
[elcomercio.pe/oficinas-concesionarias/index.html]
[d2dvq461rdwooi.cloudfront.net/elcomercio/post/politica/spaces303f.js]
[elcomercio.pe/politicas-privacidad/index.html]
[elcomercio.pe/buenas-practicas/index.html]
[elcomercio.pe/politica-integrada-de-gestion/index.html]
[elcomercio.pe/politica-de-cookies/index.html]
[elcomercio.pe/procedimiento-arco/index.html]
[elcomercio.pe/mundial/index.html]
[d1r08wok4169a5.cloudfront.net/ads/elcomercio/arcads303f.js]
[elcomercio.pe/politica/actualidad/anibal-torres-presentara-cuestion-de-confianza-por-proyecto-que-plantea-derogar-norma-que-regula-esa-figura-rmmn-noticia/index.html]
[elcomercio.pe/politica/actualidad/index.html]
[elcomercio.pe/autor/redaccion-ec/index.html]
[elcomercio.pe/economia/dia-1/como-hara-paracas-sede-de-cade-ejecutivos-para-recibir-a-mas-de-900-mil-turistas-este-2022-noticia/index.html]
[elcomercio.pe/economia/dia-1/index.html]
[elcomercio.pe/autor/claudia-inga/index.html]
[elcomercio.pe/politica/gobierno/index.html]
[elcomercio.pe/politica/gobierno/sol-carreno-anibal-torres-en-su-laberinto-insul/index.html]
[elcomercio.pe/economia/beat-se-despide-del-peru-empresa-dejara-de-operar-desde-el-9-de-noviembre-noticia/index.html]
[elcomercio.pe/politica/pedro-castillo-solicita-autorizacion-al-congreso-para-viajar-a-mexico-y-chile-rmmn-noticia/index.html]
[elcomercio.pe/autor/thalia-cadenas/index.html]
[elcomercio.pe/archivo-elcomercio/la-sorprendente-historia-de-la-pareja-peruana-q/index.html]
[elcomercio.pe/tecnologia/actualidad/index.html]
[elcomercio.pe/tecnologia/redes-sociales/twitter-anade-un-check-gris-de-verificacion-que-funciona-igual-al-previo-check-azul-elon-musk-espana-mexico-usa-noticia/index.html]
[elcomercio.pe/tecnologia/actualidad/podrias-darles-un-punetazo-en-la-garganta-alexa-dio-un-cuestionable-consejo-a-una-madre-sobre-como-calmar-a-sus-hijos-amazon-espana-mexico-usa-noticia/index.html]
[elcomercio.pe/tecnologia/redes-sociales/index.html]
[elcomercio.pe/autores/index.html]
[elcomercio.pe/el-comercio-tv/entrevistas/index.html]
[elcomercio.pe/autor/sebastian-ortiz-martinez/index.html]
[elcomercio.pe/politica/pedro-castillo-deberia-asistir-a-la-cade-esto-dicen-los-gremios-empresariales-noticia/index.html]
[elcomercio.pe/economia/la-confianza-del-consumidor-mejora-en-lima-pero-sigue-siendo-pesimista-noticia/index.html]
[elcomercio.pe/el-comercio-tv/entrevistas/cade-2022-entrevista-christian-coone-ceo-de-natura-entrevista-noticia/index.html]
[elcomercio.pe/deporte-total/futbol-mundial/caso-byron-castillo-tas-ecuador-byron-castillo-la-historia-detras-del-fallo-que-nos-da-la-razon-pero-no-nos-lleva-a-qatar-noticia/index.html]
[elcomercio.pe/deporte-total/futbol-mundial/index.html]
[elcomercio.pe/autor/melissa-rodriguez-enciso/index.html]
[elcomercio.pe/mundo/eeuu/index.html]
[elcomercio.pe/autor/agencia-efe/index.html]
[elcomercio.pe/autor/miguel-villegas/index.html]
[elcomercio.pe/peru/simulacro-multipeligro-sistema-de-alerta-sismica-sigue-sin-funcionar-tras-casi-5-anos-desde-su-anuncio-noticia/index.html]
[elcomercio.pe/autor/agencia-afp/index.html]
[elcomercio.pe/opinion/editorial/editorial-retrato-del-primer-ministro-editorial-anibal-torres-pedro-castillo-sol-carreno-noticia/index.html]
[elcomercio.pe/opinion/colaboradores/que-ha-pasado-con-mi-pais-por-margaret-renkl-noticia/index.html]
[elcomercio.pe/autor/editorial-el-comercio/index.html]
[elcomercio.pe/autor/diego-macera/index.html]
[elcomercio.pe/autor/martin-tanaka/index.html]
[elcomercio.pe/opinion/columnistas/la-tragedia-del-buen-funcionario-por-diego-macera-noticia/index.html]
[elcomercio.pe/opinion/columnistas/problemas-de-representacion-por-martin-tanaka-noticia/index.html]
[elcomercio.pe/politica/videocolumna-fernando-vivas-guido-bellido-abandono-el-planeta-vladimir-cerron-y-ahora-es-un-impredecible-no-agrupado-cuentame-otra-noticia/index.html]
[elcomercio.pe/economia/ejecutivos/cade-ejecutivos-2022-en-vivo-sigue-aqui-el-prim/index.html]
[elcomercio.pe/economia/ejecutivos/index.html]
[elcomercio.pe/deporte-total/futbol-mundial/win-sports-online-vea-america-de-cali-vs-medell/index.html]
[elcomercio.pe/respuestas/temblor-en-chile-hoy-donde-fue-y-de-cuanto-fue-/index.html]
[elcomercio.pe/tvmas/esto-es-guerra-en-vivo-ver-la-competencia-de-ho/index.html]
[elcomercio.pe/deporte-total/futbol-mundial/repretel-y-canal-6-en-vivo-costa-rica-vs-nigeri/index.html]
[elcomercio.pe/deporte-total/caminos-del-inca/index.html]
[elcomercio.pe/mundial/mexico/azteca-7-mexico-vs-iraq-gratis-online-partido-e/index.html]
[elcomercio.pe/podcast/salud-con-ciencia/index.html]
[elcomercio.pe/deporte-total/futbol-mundial/mundial-qatar-2022-que-comer-los-precios-y-que-otros-secretos-esconde-a-12-dias-de-iniciar-el-mundial-2022-copa-del-mundo-jorge-barraza-doha-noticia/index.html]
[elcomercio.pe/autor/jorge-barraza/index.html]
[elcomercio.pe/deporte-total/peruanos-en-el-mundo/marcos-lopez-el-unico-peruano-en-competiciones-/index.html]
[elcomercio.pe/deporte-total/peruanos-en-el-mundo/index.html]
[elcomercio.pe/economia/dia-1/quienes-son-los-ceo-con-mejor-gestion-en-redes-sociales-en-el-peru-facebook-twitter-instagram-linkedin-noticia/index.html]
[elcomercio.pe/podcast/salud-con-ciencia/necesito-una-revision-medica-antes-de-hacer-ejercicios-tdex-noticia/index.html]
[elcomercio.pe/lima/policiales/index.html]
[elcomercio.pe/tecnologia/actualidad/quechua-la-lengua-milenaria-del-peru-que-resurge-con-la-tecnologia-windows-11-office-microsoft-tiktok-yachasun-musquriy-google-noticia/index.html]
[elcomercio.pe/lima/policiales/duena-de-minimarket-victima-de-extorsion-polici/index.html]
[elcomercio.pe/autor/daniel-bedoya/index.html]
[elcomercio.pe/premios-dt/indexc51a.html]
[elcomercio.pe/somos/historias/christian-meier-primero-hay-fans-antes-que-haters-no-es-al-reves-historias-ec-musica-noticia/index.html]
[elcomercio.pe/politica/los-ninos-de-ap-cual-es-el-avance-de-sus-investigaciones-y-por-que-el-congreso-aun-no-los-sanciona-noticia/index.html]
[elcomercio.pe/mundo/eeuu/elecciones-estados-unidos-2022-que-pueden-ganar-y-perder-donald-trump-y-joe-biden-midterm-elections-noticia/index.html]
[elcomercio.pe/somos/historias/index.html]
[elcomercio.pe/autor/gabriela-machuca/index.html]
[elcomercio.pe/autor/juan-diego-rodriguez-bazalar/index.html]
[elcomercio.pe/deporte-total/futbol-peruano/index.html]
[elcomercio.pe/deporte-total/futbol-peruano/alianza-lima-chicho-salas-y-el-dia-que-transformo-lo-que-parecia-una-catastrofe-en-un-milagro-opinion-liga-1-succar-challenge-noticia/index.html]
[elcomercio.pe/mundo/latinoamerica/index.html]
[elcomercio.pe/mundo/latinoamerica/lula-da-silva-presidente-de-brasil-elecciones-2022-los-retos-a-los-que-se-enfrentara-lula-como-presidente-electo-jair-bolsonaro-noticia/index.html]
[elcomercio.pe/autor/pedro-ortiz-bisso/index.html]
[elcomercio.pe/autor/marco-quilca-leon/index.html]
[elcomercio.pe/deporte-total/futbol-peruano/david-belmar-presidente-de-1190-sports-la-liga-/index.html]
[elcomercio.pe/lima/inversion-privada-sigue-estancada-en-un-clima-d/index.html]
[elcomercio.pe/autor/jorge-falen/index.html]
[elcomercio.pe/economia/dia-1/majes-siguas-ii-obras-en-abril-se-cumpliran-los-plazos-de-entrega-tras-el-destrabe-del-proyecto-informe-noticia/index.html]
[elcomercio.pe/mundo/centroamerica/expresidentes-ricardo-martinelli-y-juan-carlos-varela-iran-a-juicio-por-caso-odebrecht-en-panama-rmmn-noticia/index.html]
[elcomercio.pe/autor/junior-miani/index.html]
[elcomercio.pe/mundo/oriente-medio/mahsa-amini-iran-las-protestas-continuan-a-pesar-de-las-detenciones-y-la-represion-de-fuerzas-de-seguridad-rmmn-noticia/index.html]
[elcomercio.pe/mundo/eeuu/elecciones-estados-unidos-2022-estados-unidos-d/index.html]
[elcomercio.pe/mundo/centroamerica/index.html]
[elcomercio.pe/tecnologia/e-sports/malvinas-gaming-mobile-legends-bang-bang-no-vamos-de-paseo-al-mundial-vamos-a-dejar-al-peru-en-lo-mas-alto-m4-noticia/index.html]
[elcomercio.pe/mundo/oriente-medio/index.html]
[elcomercio.pe/deporte-total/futbol-mundial/seleccion-de-brasil-desde-pele-hasta-coutinho-los-mejores-goles-del-scratch-en-las-copas-del-mundo-video-mundial-qatar-2022-rmmd-dtcc-noticia/index.html]
[elcomercio.pe/deporte-total/futbol-mundial/qatar-2022-convocados-de-la-seleccion-brasilena-tite-defendio-la-convocatoria-de-dani-alves-para-el-mundial-brasil-rmmd-noticia/index.html]
[elcomercio.pe/deporte-total/futbol-mundial/futbol-libre-espn-en-vivo-barcelona-vs-osasuna-/index.html]
[elcomercio.pe/deporte-total/futbol-mundial/olimpia-vs-sol-de-america-en-vivo-via-tigo-sports-canal-tv-transmision-como-verlo-y-a-que-hora-juegan-rmmd-dtbn-video-noticia/index.html]
[elcomercio.pe/deporte-total/futbol-mundial/qatar-2022-karim-benzema-lesionado-y-podria-que/index.html]
[elcomercio.pe/desde-la-redaccion/promociones/index.html]
[elcomercio.pe/desde-la-redaccion/promociones/disfruta-tu-estadia-en-punta-sal-suites-con-hasta-el-30-de-descuento-noticia/index.html]
[elcomercio.pe/autor/julio-melgarejo-bardales/index.html]
[elcomercio.pe/desde-la-redaccion/promociones/emocionate-y-revive-temas-iconicos-con-gipsy-kings-noticia/index.html]
[elcomercio.pe/desde-la-redaccion/promociones/sorprende-con-un-detalle-gracias-a-floreria-bloom-noticia/index.html]
[elcomercio.pe/desde-la-redaccion/promociones/emprende-una-travesia-unica-y-recargate-de-energia-en-el-sauce-resort-de-tarapoto-noticia/index.html]
[elcomercio.pe/tvmas/farandula/dijeron-que-no-tenia-cancer-pero-busco-otra-opinion-y-ahora-lucha-por-su-vida-habla-la-actriz-natalia-salas-noticia/index.html]
[elcomercio.pe/tvmas/farandula/index.html]
[elcomercio.pe/saltar-intro/prime-video/peliculas/index.html]
[elcomercio.pe/autor/sonia-del-aguila/index.html]
[elcomercio.pe/saltar-intro/hbo/peliculas/el-insoportable-peso-del-inmenso-talento-ver-o-/index.html]
[elcomercio.pe/luces/musica/index.html]
[elcomercio.pe/luces/musica/coldplay-toco-con-charly-alberti-y-zeta-bosio-ex-soda-stereo-en-concierto-de-argentina-river-persiana-americana-video-celebs-rmmn-noticia/index.html]
[elcomercio.pe/luces/cine/index.html]
[elcomercio.pe/luces/cine/asu-mare-4-tondero-revela-el-nombre-oficial-de-la-pelicula-calos-alcantara-farandula-rmmn-noticia/index.html]
[elcomercio.pe/saltar-intro/netflix/series/donde-ver-estreno-the-crown-5-horarios-trailer-y-mas-de-la-nueva-temporada-series-de-netflix-elizabeth-debicki-lady-di-seasson-5-tdex-noticia/index.html]
[elcomercio.pe/saltar-intro/netflix/series/index.html]
[elcomercio.pe/autor/agencia-ap/index.html]
[elcomercio.pe/tvmas/famosos/andy-taylor-el-guitarrista-de-duran-duran-padece-cancer-de-prostata-celebs-rmmn-noticia/index.html]
[elcomercio.pe/tvmas/famosos/shakira-y-sus-hijos-dejaran-barcelona-y-viviran-en-miami-tras-pacto-con-pique-estados-unidos-espana-celebs-rmmn-noticia/index.html]
[elcomercio.pe/provecho/tendencias/index.html]
[elcomercio.pe/provecho/tendencias/mercado-aviacion-makis-hamburguesas-tacos-y-todo-lo-que-puedas-comer-por-un-mismo-precio-en-san-borja-noticia/index.html]
[elcomercio.pe/tvmas/famosos/index.html]
[elcomercio.pe/autor/pierina-denegri/index.html]
[elcomercio.pe/luces/teatro/index.html]
[elcomercio.pe/saltar-intro/hbo/series/the-white-lotus-2x02-en-hbo-el-sol-y-la-lujuria-hace-de-las-suyas-en-sicilia-resena-review-critica-resumen-streaming-video-noticia/index.html]
[elcomercio.pe/luces/teatro/actores-de-betty-la-fea-llegan-a-lima-para-obra-de-teatro-el-divan-rojo-noticia/index.html]
[elcomercio.pe/provecho/listas-y-rankings/salchipapas-en-lima-10-opciones-diferentes-para-pedir-por-delivery-noticia/index.html]
[elcomercio.pe/provecho/listas-y-rankings/index.html]
[elcomercio.pe/saltar-intro/hbo/series/index.html]
[elcomercio.pe/provecho/tendencias/familia-torres-conoce-la-historia-de-esta-bodega-espanola-y-su-vino-celeste-crianza-noticia/index.html]
[elcomercio.pe/respuestas/quiniela-en-vivo-de-hoy-martes-8-de-noviembre-r/index.html]
[elcomercio.pe/respuestas/la-tinka-en-vivo-resultados-de-hoy-miercoles-9-de-noviembre-sorteo-y-jugada-ganadora-pozo-millonario-resultado-si-o-si-intralot-lbposting-noticia/index.html]
[elcomercio.pe/respuestas/loteria-de-cundinamarca-en-vivo-resultados-de-hoy-martes-de-8-de-noviembre-sorteo-4619-numeros-ganadores-y-premio-mayor-loteria-de-colombia-co-tdex-revtli-lbposting-noticia/index.html]
[elcomercio.pe/Trident/index.html]
[elcomercio.pe/politica/justicia/nuevo-reves-para-pedro-castillo-pj-rechaza-recu/index3f62.html]
[elcomercio.pe/GET/index.html]
